[ 2026-06-18 13:50:52,796 ] 1025 httpx - INFO - HTTP Request: GET https://dagshub.com/api/v1/user "HTTP/1.1 200 OK"
[ 2026-06-18 13:50:52,828 ] 107 dagshub - INFO - Accessing as SivaSundarRM
[ 2026-06-18 13:50:58,819 ] 1025 httpx - INFO - HTTP Request: GET https://dagshub.com/api/v1/repos/SivaSundarRM/networksecurity "HTTP/1.1 200 OK"
[ 2026-06-18 13:51:06,127 ] 1025 httpx - INFO - HTTP Request: GET https://dagshub.com/api/v1/user "HTTP/1.1 200 OK"
[ 2026-06-18 13:51:06,132 ] 107 dagshub - INFO - Initialized MLflow to track repo "SivaSundarRM/networksecurity"
[ 2026-06-18 13:51:06,133 ] 107 dagshub - INFO - Repository SivaSundarRM/networksecurity initialized!
[ 2026-06-18 13:51:06,134 ] 20 root - INFO - Initiate the data ingestion
[ 2026-06-18 13:51:12,426 ] 65 root - INFO - Performed train test split on the dataframe
[ 2026-06-18 13:51:12,426 ] 67 root - INFO - Exited split_data_as_train_test method of Data_Ingestion class
[ 2026-06-18 13:51:12,426 ] 75 root - INFO - Exporting train and test file path.
[ 2026-06-18 13:51:12,459 ] 84 root - INFO - Exported train and test file path.
[ 2026-06-18 13:51:12,460 ] 22 root - INFO - Data Initiation Completed
[ 2026-06-18 13:51:12,484 ] 27 root - INFO - Initiate the data Validation
[ 2026-06-18 13:51:12,569 ] 32 root - INFO - Required number of columns:2
[ 2026-06-18 13:51:12,570 ] 33 root - INFO - Data frame has columns:31
[ 2026-06-18 13:51:12,570 ] 32 root - INFO - Required number of columns:2
[ 2026-06-18 13:51:12,570 ] 33 root - INFO - Data frame has columns:31
[ 2026-06-18 13:51:12,672 ] 29 root - INFO - data Validation Completed
[ 2026-06-18 13:51:12,672 ] 32 root - INFO - data Transformation started
[ 2026-06-18 13:51:12,672 ] 40 root - INFO - Initiating data transformation
[ 2026-06-18 13:51:12,672 ] 42 root - INFO - Reading the train and test file
[ 2026-06-18 13:51:12,691 ] 46 root - INFO - Splitting input and target feature from train and test dataframe
[ 2026-06-18 13:51:12,692 ] 55 root - INFO - Applying KNN Imputer to impute missing values in train and test data
[ 2026-06-18 13:51:12,692 ] 27 root - INFO - Entering the get_data_transformer_object method of Data_Transformation class
[ 2026-06-18 13:51:12,728 ] 70 root - INFO - Saving transformed train and test array
[ 2026-06-18 13:51:12,731 ] 46 root - INFO - Entered the save_object method of MainUtils class
[ 2026-06-18 13:51:12,735 ] 50 root - INFO - Exited the save_object method of MainUtils class
[ 2026-06-18 13:51:12,735 ] 46 root - INFO - Entered the save_object method of MainUtils class
[ 2026-06-18 13:51:12,737 ] 50 root - INFO - Exited the save_object method of MainUtils class
[ 2026-06-18 13:51:12,737 ] 36 root - INFO - data Transformation completed
[ 2026-06-18 13:51:12,737 ] 38 root - INFO - Model Training sstared
[ 2026-06-18 13:51:12,738 ] 160 root - INFO - Initiating Model Trainer
[ 2026-06-18 13:55:30,579 ] 46 root - INFO - Entered the save_object method of MainUtils class
[ 2026-06-18 13:55:30,581 ] 50 root - INFO - Exited the save_object method of MainUtils class
[ 2026-06-18 13:55:30,581 ] 46 root - INFO - Entered the save_object method of MainUtils class
[ 2026-06-18 13:55:30,596 ] 50 root - INFO - Exited the save_object method of MainUtils class
[ 2026-06-18 13:55:30,596 ] 153 root - INFO - Model trainer artifact: ModelTrainerArtifact(trained_model_file_path='Artifacts\\06_18_2026_13_50_34\\model_trainer\\trained_model\\model.pkl', train_metric_artifact=ClassificationMetricArtifact(f1_score=0.9909511921594356, precision_score=0.9909654354994616, recall_score=0.9909543193125283), test_metric_artifact=ClassificationMetricArtifact(f1_score=0.9692090119836145, precision_score=0.9693347368470893, recall_score=0.9692446856625961))
[ 2026-06-18 13:55:30,600 ] 189 root - INFO - Model Training Completed
[ 2026-06-18 13:55:30,600 ] 43 root - INFO - Model Training artifact created
